\BOOKMARK [0][-]{chapter.1}{\376\377\000T\036\324\000N\000G\000\040\000Q\000U\000A\000N\000\040\000B\000\300\000I\000\040\000T\000O\000\301\000N\000\040\001\020\036\320\000I\000\040\000S\000\301\000N\000H\000\040\000X\000\302\000U}{}% 1
\BOOKMARK [1][-]{section.1.1}{\376\377\000G\000i\036\333\000i\000\040\000t\000h\000i\036\307\000u}{chapter.1}% 2
\BOOKMARK [1][-]{section.1.2}{\376\377\000B\000\340\000i\000\040\000t\000o\000\341\000n\000\040\001\021\036\321\000i\000\040\000s\000\341\000n\000h\000\040\000x\000\342\000u}{chapter.1}% 3
\BOOKMARK [1][-]{section.1.3}{\376\377\001\020\036\247\000u\000\040\000v\000\340\000o\000\040\000v\000\340\000\040\001\021\036\247\000u\000\040\000r\000a\000\040\000c\036\347\000a\000\040\000b\000\340\000i\000\040\000t\000o\000\341\000n}{chapter.1}% 4
\BOOKMARK [0][-]{chapter.2}{\376\377\000P\000H\000\302\000N\000\040\000L\000O\036\240\000I\000\040\000C\000\301\000C\000\040\000T\000H\000U\036\254\000T\000\040\000T\000O\000\301\000N\000\040\001\020\036\320\000I\000\040\000S\000\301\000N\000H\000\040\000M\036\252\000U}{}% 5
\BOOKMARK [1][-]{section.2.1}{\376\377\000N\000h\000\363\000m\000\040\000t\000h\000u\036\255\000t\000\040\000t\000o\000\341\000n\000\040\000t\000\354\000m\000\040\000k\000i\036\277\000m\000\040\000m\036\253\000u\000\040\000t\036\353\000\040\000t\000r\000\341\000i\000\040\000s\000a\000n\000g\000\040\000p\000h\036\243\000i}{chapter.2}% 6
\BOOKMARK [1][-]{section.2.2}{\376\377\000N\000h\000\363\000m\000\040\000t\000h\000u\036\255\000t\000\040\000t\000o\000\341\000n\000\040\000t\000\354\000m\000\040\000k\000i\036\277\000m\000\040\000m\036\253\000u\000\040\000t\036\353\000\040\000p\000h\036\243\000i\000\040\000s\000a\000n\000g\000\040\000t\000r\000\341\000i}{chapter.2}% 7
\BOOKMARK [1][-]{section.2.3}{\376\377\000C\000\341\000c\000\040\000t\000h\000u\036\255\000t\000\040\000t\000o\000\341\000n\000\040\000t\000\354\000m\000\040\000k\000i\036\277\000m\000\040\000m\036\253\000u\000\040\000t\036\353\000\040\000v\036\313\000\040\000t\000r\000\355\000\040\000x\000\341\000c\000\040\001\021\036\313\000n\000h}{chapter.2}% 8
\BOOKMARK [1][-]{section.2.4}{\376\377\000N\000h\000\363\000m\000\040\000t\000h\000u\036\255\000t\000\040\000t\000o\000\341\000n\000\040\000t\000\354\000m\000\040\000k\000i\036\277\000m\000\040\000m\036\253\000u\000\040\000t\036\353\000\040\000v\036\313\000\040\000t\000r\000\355\000\040\000b\036\245\000t\000\040\000k\036\363}{chapter.2}% 9
\BOOKMARK [0][-]{chapter.3}{\376\377\000T\000\314\000M\000\040\000K\000I\036\276\000M\000\040\000M\036\252\000U\000\040\000T\036\352\000\040\000T\000R\000\301\000I\000\040\000S\000A\000N\000G\000\040\000P\000H\036\242\000I}{}% 10
\BOOKMARK [1][-]{section.3.1}{\376\377\000T\000h\000u\036\255\000t\000\040\000t\000o\000\341\000n\000\040\000B\000r\000u\000t\000e\000\040\000F\000o\000r\000c\000e}{chapter.3}% 11
\BOOKMARK [2][-]{subsection.3.1.1}{\376\377\001\020\036\267\000c\000\040\001\021\000i\036\303\000m\000\040\000c\000h\000\355\000n\000h}{section.3.1}% 12
\BOOKMARK [2][-]{subsection.3.1.2}{\376\377\000M\000\364\000\040\000t\036\243\000\040\000t\000h\000u\036\255\000t\000\040\000t\000o\000\341\000n}{section.3.1}% 13
\BOOKMARK [2][-]{subsection.3.1.3}{\376\377\000C\000\340\000i\000\040\001\021\036\267\000t\000\040\000b\036\261\000n\000g\000\040\000C\000+\000+}{section.3.1}% 14
\BOOKMARK [2][-]{subsection.3.1.4}{\376\377\000K\000i\036\303\000m\000\040\000n\000g\000h\000i\036\307\000m\000\040\000t\000h\000u\036\255\000t\000\040\000t\000o\000\341\000n}{section.3.1}% 15
\BOOKMARK [1][-]{section.3.2}{\376\377\000T\000h\000u\036\255\000t\000\040\000t\000o\000\341\000n\000\040\000T\000\354\000m\000\040\000k\000i\036\277\000m\000\040\000b\036\261\000n\000g\000\040\000\324\000-\000t\000\364\000-\000m\000\341\000t\000\040\000\050\000A\000u\000t\000o\000m\000a\000t\000o\000n\000\051}{chapter.3}% 16
\BOOKMARK [2][-]{subsection.3.2.1}{\376\377\001\020\036\267\000c\000\040\001\021\000i\036\303\000m\000\040\000c\000h\000\355\000n\000h}{section.3.2}% 17
\BOOKMARK [2][-]{subsection.3.2.2}{\376\377\000M\000\364\000\040\000t\036\243\000\040\000t\000h\000u\036\255\000t\000\040\000t\000o\000\341\000n}{section.3.2}% 18
\BOOKMARK [2][-]{subsection.3.2.3}{\376\377\000C\000\340\000i\000\040\001\021\036\267\000t\000\040\000b\036\261\000n\000g\000\040\000C\000+\000+}{section.3.2}% 19
\BOOKMARK [2][-]{subsection.3.2.4}{\376\377\000K\000i\036\303\000m\000\040\000n\000g\000h\000i\036\307\000m\000\040\000t\000h\000u\036\255\000t\000\040\000t\000o\000\341\000n}{section.3.2}% 20
\BOOKMARK [1][-]{section.3.3}{\376\377\000T\000h\000u\036\255\000t\000\040\000t\000o\000\341\000n\000\040\000K\000n\000u\000t\000h\000-\000M\000o\000r\000r\000i\000s\000-\000P\000r\000a\000t\000t\000\040\000\050\000K\000M\000P\000\051}{chapter.3}% 21
\BOOKMARK [2][-]{subsection.3.3.1}{\376\377\000T\000i\036\301\000n\000\040\000x\036\355\000\040\000l\000\375\000\040\000\050\000x\000\342\000y\000\040\000d\036\361\000n\000g\000\040\000m\036\243\000n\000g\000\040\000L\000P\000S\000\051}{section.3.3}% 22
\BOOKMARK [2][-]{subsection.3.3.2}{\376\377\000Q\000u\000\341\000\040\000t\000r\000\354\000n\000h\000\040\000t\000\354\000m\000\040\000k\000i\036\277\000m}{section.3.3}% 23
\BOOKMARK [2][-]{subsection.3.3.3}{\376\377\000Q\000u\000\341\000\040\000t\000r\000\354\000n\000h\000\040\000d\036\313\000c\000h\000\040\000c\000h\000u\000y\036\303\000n}{section.3.3}% 24
\BOOKMARK [2][-]{subsection.3.3.4}{\376\377\000L\036\267\000p\000\040\000l\036\241\000i\000\040\000v\000\340\000\040\000k\036\277\000t\000\040\000t\000h\000\372\000c}{section.3.3}% 25
\BOOKMARK [2][-]{subsection.3.3.5}{\376\377\000C\000\340\000i\000\040\001\021\036\267\000t\000\040\000t\000h\000u\036\255\000t\000\040\000t\000o\000\341\000n\000\040\000b\036\261\000n\000g\000\040\000C\000+\000+}{section.3.3}% 26
\BOOKMARK [1][-]{section.3.4}{\376\377\000T\000h\000u\036\255\000t\000\040\000t\000o\000\341\000n\000\040\000K\000a\000r\000p\000-\000R\000a\000b\000i\000n}{chapter.3}% 27
\BOOKMARK [2][-]{subsection.3.4.1}{\376\377\000T\000h\000u\036\255\000t\000\040\000t\000o\000\341\000n}{section.3.4}% 28
\BOOKMARK [2][-]{subsection.3.4.2}{\376\377\000X\000\341\000c\000\040\001\021\036\313\000n\000h\000\040\000g\000i\000\341\000\040\000t\000r\036\313\000\040\000b\001\003\000m}{section.3.4}% 29
\BOOKMARK [2][-]{subsection.3.4.3}{\376\377\000C\000\340\000i\000\040\001\021\036\267\000t\000\040\000t\000h\000u\036\255\000t\000\040\000t\000o\000\341\000n\000\040\000b\036\261\000n\000g\000\040\000C\000+\000+}{section.3.4}% 30
\BOOKMARK [2][-]{subsection.3.4.4}{\376\377\001\020\036\331\000\040\000p\000h\036\351\000c\000\040\000t\036\241\000p\000\040\000c\036\347\000a\000\040\000t\000h\000u\036\255\000t\000\040\000t\000o\000\341\000n}{section.3.4}% 31
\BOOKMARK [1][-]{section.3.5}{\376\377\000T\000h\000u\036\255\000t\000\040\000t\000o\000\341\000n\000\040\000S\000h\000i\000f\000t\000\040\000O\000r}{chapter.3}% 32
\BOOKMARK [2][-]{subsection.3.5.1}{\376\377\001\020\036\267\000c\000\040\001\021\000i\036\303\000m\000\040\000c\000h\000\355\000n\000h}{section.3.5}% 33
\BOOKMARK [2][-]{subsection.3.5.2}{\376\377\000M\000\364\000\040\000t\036\243\000\040\000t\000h\000u\036\255\000t\000\040\000t\000o\000\341\000n}{section.3.5}% 34
\BOOKMARK [2][-]{subsection.3.5.3}{\376\377\000C\000\340\000i\000\040\001\021\036\267\000t\000\040\000t\000h\000u\036\255\000t\000\040\000t\000o\000\341\000n\000\040\000b\036\261\000n\000g\000\040\000C\000+\000+}{section.3.5}% 35
\BOOKMARK [2][-]{subsection.3.5.4}{\376\377\001\020\000\341\000n\000h\000\040\000g\000i\000\341\000\040\001\021\036\331\000\040\000p\000h\036\351\000c\000\040\000t\036\241\000p\000\040\000c\036\347\000a\000\040\000t\000h\000u\036\255\000t\000\040\000t\000o\000\341\000n}{section.3.5}% 36
\BOOKMARK [2][-]{subsection.3.5.5}{\376\377\000K\000i\036\303\000m\000\040\000n\000g\000h\000i\036\307\000m\000\040\000t\000h\000u\036\255\000t\000\040\000t\000o\000\341\000n}{section.3.5}% 37
\BOOKMARK [1][-]{section.3.6}{\376\377\000T\000h\000u\036\255\000t\000\040\000t\000o\000\341\000n\000\040\000M\000o\000r\000r\000i\000s\000s\000-\000P\000r\000a\000t\000t}{chapter.3}% 38
\BOOKMARK [2][-]{subsection.3.6.1}{\376\377\001\020\036\267\000c\000\040\001\021\000i\036\303\000m\000\040\000c\000h\000\355\000n\000h}{section.3.6}% 39
\BOOKMARK [2][-]{subsection.3.6.2}{\376\377\000M\000\364\000\040\000t\036\243\000\040\000t\000h\000u\036\255\000t\000\040\000t\000o\000\341\000n}{section.3.6}% 40
\BOOKMARK [2][-]{subsection.3.6.3}{\376\377\000C\000\340\000i\000\040\001\021\036\267\000t\000\040\000b\036\261\000n\000g\000\040\000C\000+\000+}{section.3.6}% 41
\BOOKMARK [2][-]{subsection.3.6.4}{\376\377\000K\000i\036\303\000m\000\040\000n\000g\000h\000i\036\307\000m\000\040\000t\000h\000u\036\255\000t\000\040\000t\000o\000\341\000n}{section.3.6}% 42
\BOOKMARK [1][-]{section.3.7}{\376\377\000T\000h\000u\036\255\000t\000\040\000t\000o\000\341\000n\000\040\000A\000p\000o\000s\000t\000o\000l\000i\000c\000o\000-\000C\000r\000o\000c\000h\000e\000m\000o\000r\000e}{chapter.3}% 43
\BOOKMARK [2][-]{subsection.3.7.1}{\376\377\001\020\036\267\000c\000\040\001\021\000i\036\303\000m\000\040\000c\000h\000\355\000n\000h}{section.3.7}% 44
\BOOKMARK [2][-]{subsection.3.7.2}{\376\377\000M\000\364\000\040\000t\036\243\000\040\000t\000h\000u\036\255\000t\000\040\000t\000o\000\341\000n}{section.3.7}% 45
\BOOKMARK [2][-]{subsection.3.7.3}{\376\377\000C\000\340\000i\000\040\001\021\036\267\000t\000\040\000b\036\261\000n\000g\000\040\000C\000+\000+}{section.3.7}% 46
\BOOKMARK [2][-]{subsection.3.7.4}{\376\377\000K\000i\036\303\000m\000\040\000n\000g\000h\000i\036\307\000m\000\040\000t\000h\000u\036\255\000t\000\040\000t\000o\000\341\000n}{section.3.7}% 47
\BOOKMARK [1][-]{section.3.8}{\376\377\000T\000h\000u\036\255\000t\000\040\000t\000o\000\341\000n\000\040\000N\000o\000t\000\040\000S\000o\000\040\000N\000a\000\357\000v\000e}{chapter.3}% 48
\BOOKMARK [2][-]{subsection.3.8.1}{\376\377\001\020\036\267\000c\000\040\001\021\000i\036\303\000m\000\040\000c\000h\000\355\000n\000h}{section.3.8}% 49
\BOOKMARK [2][-]{subsection.3.8.2}{\376\377\000M\000\364\000\040\000t\036\243\000\040\000t\000h\000u\036\255\000t\000\040\000t\000o\000\341\000n}{section.3.8}% 50
\BOOKMARK [2][-]{subsection.3.8.3}{\376\377\000C\000\340\000i\000\040\001\021\036\267\000t\000\040\000b\036\261\000n\000g\000\040\000C\000+\000+}{section.3.8}% 51
\BOOKMARK [2][-]{subsection.3.8.4}{\376\377\000K\000i\036\303\000m\000\040\000n\000g\000h\000i\036\307\000m\000\040\000t\000h\000u\036\255\000t\000\040\000t\000o\000\341\000n}{section.3.8}% 52
\BOOKMARK [0][-]{chapter.4}{\376\377\000T\000\314\000M\000\040\000K\000I\036\276\000M\000\040\000M\036\252\000U\000\040\000T\036\352\000\040\000P\000H\036\242\000I\000\040\000S\000A\000N\000G\000\040\000T\000R\000\301\000I}{}% 53
\BOOKMARK [1][-]{section.4.1}{\376\377\000T\000h\000u\036\255\000t\000\040\000t\000o\000\341\000n\000\040\000B\000o\000y\000e\000r\000-\000M\000o\000o\000r\000e}{chapter.4}% 54
\BOOKMARK [2][-]{subsection.4.1.1}{\376\377\000T\000i\036\301\000n\000\040\000x\036\355\000\040\000l\000\375}{section.4.1}% 55
\BOOKMARK [2][-]{subsection.4.1.2}{\376\377\000T\000\354\000m\000\040\000k\000i\036\277\000m}{section.4.1}% 56
\BOOKMARK [2][-]{subsection.4.1.3}{\376\377\000D\036\313\000c\000h\000\040\000c\000h\000u\000y\036\303\000n\000\040\000m\036\253\000u\000\040\000\050\000S\000h\000i\000f\000t\000i\000n\000g\000\040\000t\000h\000e\000\040\000P\000a\000t\000t\000e\000r\000n\000\051}{section.4.1}% 57
\BOOKMARK [2][-]{subsection.4.1.4}{\376\377\000L\036\267\000p\000\040\000l\036\241\000i\000\040\000q\000u\000\341\000\040\000t\000r\000\354\000n\000h\000\040\000s\000o\000\040\000k\000h\036\333\000p}{section.4.1}% 58
\BOOKMARK [2][-]{subsection.4.1.5}{\376\377\001\020\000i\036\301\000u\000\040\000k\000i\036\307\000n\000\040\000k\036\277\000t\000\040\000t\000h\000\372\000c\000\040\000\050\000T\000e\000r\000m\000i\000n\000a\000t\000i\000o\000n\000\051}{section.4.1}% 59
\BOOKMARK [2][-]{subsection.4.1.6}{\376\377\000C\000\340\000i\000\040\001\021\036\267\000t\000\040\000t\000h\000u\036\255\000t\000\040\000t\000o\000\341\000n\000\040\000b\036\261\000n\000g\000\040\000C\000+\000+}{section.4.1}% 60
\BOOKMARK [1][-]{section.4.2}{\376\377\000T\000h\000u\036\255\000t\000\040\000t\000o\000\341\000n\000\040\000T\000u\000r\000b\000o\000\040\000B\000o\000y\000e\000r\000-\000M\000o\000o\000r\000e\000\040\000\050\000T\000u\000r\000b\000o\000-\000B\000M\000\051}{chapter.4}% 61
\BOOKMARK [2][-]{subsection.4.2.1}{\376\377\001\020\036\267\000c\000\040\001\021\000i\036\303\000m\000\040\000c\000h\000\355\000n\000h}{section.4.2}% 62
\BOOKMARK [2][-]{subsection.4.2.2}{\376\377\000M\000\364\000\040\000t\036\243\000\040\000t\000h\000u\036\255\000t\000\040\000t\000o\000\341\000n}{section.4.2}% 63
\BOOKMARK [2][-]{subsection.4.2.3}{\376\377\000C\000\340\000i\000\040\001\021\036\267\000t\000\040\000b\036\261\000n\000g\000\040\000C\000+\000+}{section.4.2}% 64
\BOOKMARK [2][-]{subsection.4.2.4}{\376\377\000K\000i\036\303\000m\000\040\000n\000g\000h\000i\036\307\000m\000\040\000t\000h\000u\036\255\000t\000\040\000t\000o\000\341\000n}{section.4.2}% 65
\BOOKMARK [1][-]{section.4.3}{\376\377\000T\000h\000u\036\255\000t\000\040\000t\000o\000\341\000n\000\040\000Q\000u\000i\000c\000k\000\040\000S\000e\000a\000r\000c\000h}{chapter.4}% 66
\BOOKMARK [2][-]{subsection.4.3.1}{\376\377\001\020\036\267\000c\000\040\001\021\000i\036\303\000m\000\040\000c\000h\000\355\000n\000h}{section.4.3}% 67
\BOOKMARK [2][-]{subsection.4.3.2}{\376\377\000M\000\364\000\040\000t\036\243\000\040\000t\000h\000u\036\255\000t\000\040\000t\000o\000\341\000n}{section.4.3}% 68
